// Jest Snapshot v1, https://goo.gl/fbAQLP

exports[`Pruebas en <RealExampleRef />  debe mostrarse correctamente 1`] = `
<div
  className="container"
>
  <h1>
    Real Example hook Ref
  </h1>
  <hr />
  <button
    className="mt-2 btn btn-primary"
    onClick={[Function]}
  >
    Show / Hide
  </button>
</div>
`;
