// Jest Snapshot v1, https://goo.gl/fbAQLP

exports[`pruebas en <HookApp />  debe mostarse correctamente 1`] = `
<div>
  <h1>
    Hola Mundo
  </h1>
</div>
`;
