// Jest Snapshot v1, https://goo.gl/fbAQLP

exports[`Pruebas en <HomePage />  debe de mostrarse correctamente 1`] = `
<div>
  <h1>
    HomePage
  </h1>
  <hr />
  <pre>
    {
   "name": "anbreaker",
   "email": "anbreaker@gmail.com"
}
  </pre>
</div>
`;
